{
  "@class": "com.example.app.pitstop.api.Incident",
  "incidentId": "0",
  "details": {
    "vehicle": {
      "licensePlateNumber": "Z-613-AB"
    },
    "location": {
      "latitude" : 51.9472135264376,
      "longitude": 4.473718320869365
    }
  },
  "start": "2020-12-01T09:41:52.300Z",
  "offers" : [ {
    "offerId" : "1",
    "details" : {
      "operatorId" : "allstate",
      "price" : 21.5
    },
    "accepted" : false
  } ]
}